// Jest Snapshot v1, https://goo.gl/fbAQLP

exports[`renders a snapshot 1`] = `
<div
  className="App"
>
  <h1>
    My Github Card
  </h1>
  <div
    className="text-center card"
    style={
      Object {
        "border": "1px solid black",
        "margin": "10px",
        "padding": "10px",
        "width": "18rem",
      }
    }
  >
    <div
      className="card-header"
    />
    <div
      className="card-body"
    >
      <div
        className="card-title h5"
      >
        User ID: 
      </div>
      <img
        className="card-img-top"
      />
      <a
        className="card-link"
      >
        My GitHub Page
      </a>
      <p
        className="card-text"
      >
        Location: 
      </p>
    </div>
    <div
      className="card-footer"
    />
  </div>
</div>
`;
